........................................................................ [ 23%]
........................................................................ [ 46%]
........................................................................ [ 69%]
........................................................................ [ 92%]
.......................                                                  [100%]
311 passed in 331.41s (0:05:31)
pytest exit 0
